%!Adobe-FontList 1.16
%Locale:0x409

%BeginFont
Handler:DirectoryHandler
FontType:Type1
FontName:Cabin-SemiBold
FamilyName:Cabin
StyleName:SemiBold
MenuName:Cabin
StyleBits:0
WeightClass:600
WidthClass:5
AngleClass:0
FullName:Cabin SemiBold
WritingScript:Roman
OutlineFileName:\Cabin-SemiBold.otf
DataFormat:sfntData
UsesStandardEncoding:yes
isCFF:yes
FileLength:54364
FileModTime:1424255336
NameArray:0,Mac,4,Cabin SemiBold
NameArray:0,Win,1,Cabin
%EndFont

%BeginFont
Handler:DirectoryHandler
FontType:Type1
FontName:Interstate-ExtraLight
FamilyName:Interstate
StyleName:ExtraLight
MenuName:Interstate ExtraLight
StyleBits:0
WeightClass:200
WidthClass:5
AngleClass:0
FullName:Interstate ExtraLight
WritingScript:Roman
OutlineFileName:\Interstate-ExtraLight_0.otf
DataFormat:sfntData
UsesStandardEncoding:yes
isCFF:yes
FileLength:25448
FileModTime:1413906512
NameArray:0,Mac,4,Interstate ExtraLight
NameArray:0,Win,1,Interstate ExtraLight
NameArray:0,Win,16,Interstate
%EndFont

%BeginFont
Handler:DirectoryHandler
FontType:Type1
FontName:Interstate-Light
FamilyName:Interstate
StyleName:Light
MenuName:Interstate Light
StyleBits:0
WeightClass:300
WidthClass:5
AngleClass:0
FullName:Interstate Light
WritingScript:Roman
OutlineFileName:\Interstate-Light_0.otf
DataFormat:sfntData
UsesStandardEncoding:yes
isCFF:yes
FileLength:25380
FileModTime:1413906512
NameArray:0,Mac,4,Interstate Light
NameArray:0,Win,1,Interstate Light
NameArray:0,Win,16,Interstate
%EndFont

%BeginFont
Handler:DirectoryHandler
FontType:Type1
FontName:MinionPro-Regular
FamilyName:Minion Pro
StyleName:Regular
MenuName:Minion Pro
StyleBits:0
WeightClass:400
WidthClass:5
AngleClass:0
FullName:Minion Pro
WritingScript:Roman
OutlineFileName:\MinionPro-Regular.otf
DataFormat:sfntData
UsesStandardEncoding:yes
isCFF:yes
FileLength:218640
FileModTime:1361531780
DesignSize:110
NameArray:0,Mac,4,Minion Pro
NameArray:0,Win,1,Minion Pro
%EndFont

